// Jest Snapshot v1, https://goo.gl/fbAQLP

exports[`Trades should take a snapshot 1`] = `
<DocumentFragment>
  <table
    border="1"
    cellspacing="0"
    class="grid-container"
    height="100%"
    width="100%"
  >
    <tbody />
  </table>
</DocumentFragment>
`;
