// Jest Snapshot v1, https://goo.gl/fbAQLP

exports[`App should take a snapshot 1`] = `
<DocumentFragment>
  <div
    class="App"
  >
    <div>
      Loading...
    </div>
  </div>
</DocumentFragment>
`;
